// Jest Snapshot v1, https://goo.gl/fbAQLP

exports[`Park should match the snapshot 1`] = `ShallowWrapper {}`;
