// Jest Snapshot v1, https://goo.gl/fbAQLP

exports[`Home should match the snapshot 1`] = `
<div
  className="Home"
>
  <h2>
    Home Component Here
  </h2>
  <img
    alt="National Parks Service arrowhead logo"
    src="US-NationalParkService-Logo.svg"
  />
</div>
`;
